// Jest Snapshot v1, https://goo.gl/fbAQLP

exports[`Tests for <Locations /> should render correctly 1`] = `
<div>
  <div
    class="MuiGrid-root MuiGrid-container css-1nimqk6-MuiGrid-root"
  >
    <div
      class="MuiGrid-root MuiGrid-item css-13i4rnv-MuiGrid-root"
    >
      <h4
        class="MuiTypography-root MuiTypography-h4 css-5lbw0b-MuiTypography-root"
      >
        Locations
      </h4>
    </div>
  </div>
  <div
    class="MuiGrid-root MuiGrid-container css-1ehu80w-MuiGrid-root"
  >
    <div
      class="MuiGrid-root MuiGrid-item MuiGrid-grid-xs-6 css-1osj8n2-MuiGrid-root"
    >
      <div
        aria-label="search-input"
        class="MuiFormControl-root MuiFormControl-fullWidth MuiTextField-root searchInput css-wb57ya-MuiFormControl-root-MuiTextField-root"
      >
        <label
          class="MuiFormLabel-root MuiInputLabel-root MuiInputLabel-formControl MuiInputLabel-animated MuiInputLabel-sizeSmall MuiInputLabel-outlined MuiFormLabel-colorPrimary MuiInputLabel-root MuiInputLabel-formControl MuiInputLabel-animated MuiInputLabel-sizeSmall MuiInputLabel-outlined css-1pysi21-MuiFormLabel-root-MuiInputLabel-root"
          data-shrink="false"
          for="outlined-basic"
          id="outlined-basic-label"
        >
          Search Location
        </label>
        <div
          class="MuiInputBase-root MuiOutlinedInput-root MuiInputBase-colorPrimary MuiInputBase-fullWidth MuiInputBase-formControl MuiInputBase-sizeSmall css-md26zr-MuiInputBase-root-MuiOutlinedInput-root"
        >
          <input
            aria-invalid="false"
            class="MuiInputBase-input MuiOutlinedInput-input MuiInputBase-inputSizeSmall css-1n4twyu-MuiInputBase-input-MuiOutlinedInput-input"
            id="outlined-basic"
            type="text"
            value=""
          />
          <fieldset
            aria-hidden="true"
            class="MuiOutlinedInput-notchedOutline css-1d3z3hw-MuiOutlinedInput-notchedOutline"
          >
            <legend
              class="css-yjsfm1"
            >
              <span>
                Search Location
              </span>
            </legend>
          </fieldset>
        </div>
      </div>
    </div>
    <div
      class="MuiGrid-root MuiGrid-item css-13i4rnv-MuiGrid-root"
    >
      <button
        aria-label="search-button"
        class="MuiButtonBase-root MuiButton-root MuiButton-contained MuiButton-containedPrimary MuiButton-sizeMedium MuiButton-containedSizeMedium MuiButton-root MuiButton-contained MuiButton-containedPrimary MuiButton-sizeMedium MuiButton-containedSizeMedium css-sghohy-MuiButtonBase-root-MuiButton-root"
        tabindex="0"
        type="button"
      >
        Search
        <span
          class="MuiTouchRipple-root css-8je8zh-MuiTouchRipple-root"
        />
      </button>
    </div>
  </div>
  <div
    class="MuiGrid-root MuiGrid-container css-1p384wy-MuiGrid-root"
  >
    <div
      class="cardLocation"
    >
      <div
        class="css-1xcqbzj"
      >
        <p>
          Name: 
          <b>
            Earth (C-137)
          </b>
        </p>
      </div>
      <div
        class="css-1xcqbzj"
      >
        <img
          height="30"
          src="assets/icons/types.png"
          width="30"
        />
        <div
          class="css-1ohec65"
        >
          Type: 
          Planet
        </div>
      </div>
      <div
        class="css-1xcqbzj"
      >
        <img
          height="30"
          src="assets/icons/dimensions.png"
          width="30"
        />
        <div
          class="css-1ohec65"
        >
          Dimension: 
          Dimension C-137
        </div>
      </div>
      <div
        class="css-1xcqbzj"
      >
        <img
          height="30"
          src="assets/icons/calendar.png"
          width="30"
        />
         
        <div
          class="css-1ohec65"
        >
          Created at: 
          10/11/2017
        </div>
      </div>
    </div>
    <div
      class="cardLocation"
    >
      <div
        class="css-1xcqbzj"
      >
        <p>
          Name: 
          <b>
            Abadango
          </b>
        </p>
      </div>
      <div
        class="css-1xcqbzj"
      >
        <img
          height="30"
          src="assets/icons/types.png"
          width="30"
        />
        <div
          class="css-1ohec65"
        >
          Type: 
          Cluster
        </div>
      </div>
      <div
        class="css-1xcqbzj"
      >
        <img
          height="30"
          src="assets/icons/dimensions.png"
          width="30"
        />
        <div
          class="css-1ohec65"
        >
          Dimension: 
          unknown
        </div>
      </div>
      <div
        class="css-1xcqbzj"
      >
        <img
          height="30"
          src="assets/icons/calendar.png"
          width="30"
        />
         
        <div
          class="css-1ohec65"
        >
          Created at: 
          10/11/2017
        </div>
      </div>
    </div>
    <div
      class="cardLocation"
    >
      <div
        class="css-1xcqbzj"
      >
        <p>
          Name: 
          <b>
            Citadel of Ricks
          </b>
        </p>
      </div>
      <div
        class="css-1xcqbzj"
      >
        <img
          height="30"
          src="assets/icons/types.png"
          width="30"
        />
        <div
          class="css-1ohec65"
        >
          Type: 
          Space station
        </div>
      </div>
      <div
        class="css-1xcqbzj"
      >
        <img
          height="30"
          src="assets/icons/dimensions.png"
          width="30"
        />
        <div
          class="css-1ohec65"
        >
          Dimension: 
          unknown
        </div>
      </div>
      <div
        class="css-1xcqbzj"
      >
        <img
          height="30"
          src="assets/icons/calendar.png"
          width="30"
        />
         
        <div
          class="css-1ohec65"
        >
          Created at: 
          10/11/2017
        </div>
      </div>
    </div>
    <div
      class="cardLocation"
    >
      <div
        class="css-1xcqbzj"
      >
        <p>
          Name: 
          <b>
            Worldender's lair
          </b>
        </p>
      </div>
      <div
        class="css-1xcqbzj"
      >
        <img
          height="30"
          src="assets/icons/types.png"
          width="30"
        />
        <div
          class="css-1ohec65"
        >
          Type: 
          Planet
        </div>
      </div>
      <div
        class="css-1xcqbzj"
      >
        <img
          height="30"
          src="assets/icons/dimensions.png"
          width="30"
        />
        <div
          class="css-1ohec65"
        >
          Dimension: 
          unknown
        </div>
      </div>
      <div
        class="css-1xcqbzj"
      >
        <img
          height="30"
          src="assets/icons/calendar.png"
          width="30"
        />
         
        <div
          class="css-1ohec65"
        >
          Created at: 
          10/11/2017
        </div>
      </div>
    </div>
    <div
      class="cardLocation"
    >
      <div
        class="css-1xcqbzj"
      >
        <p>
          Name: 
          <b>
            Anatomy Park
          </b>
        </p>
      </div>
      <div
        class="css-1xcqbzj"
      >
        <img
          height="30"
          src="assets/icons/types.png"
          width="30"
        />
        <div
          class="css-1ohec65"
        >
          Type: 
          Microverse
        </div>
      </div>
      <div
        class="css-1xcqbzj"
      >
        <img
          height="30"
          src="assets/icons/dimensions.png"
          width="30"
        />
        <div
          class="css-1ohec65"
        >
          Dimension: 
          Dimension C-137
        </div>
      </div>
      <div
        class="css-1xcqbzj"
      >
        <img
          height="30"
          src="assets/icons/calendar.png"
          width="30"
        />
         
        <div
          class="css-1ohec65"
        >
          Created at: 
          10/11/2017
        </div>
      </div>
    </div>
    <div
      class="cardLocation"
    >
      <div
        class="css-1xcqbzj"
      >
        <p>
          Name: 
          <b>
            Interdimensional Cable
          </b>
        </p>
      </div>
      <div
        class="css-1xcqbzj"
      >
        <img
          height="30"
          src="assets/icons/types.png"
          width="30"
        />
        <div
          class="css-1ohec65"
        >
          Type: 
          TV
        </div>
      </div>
      <div
        class="css-1xcqbzj"
      >
        <img
          height="30"
          src="assets/icons/dimensions.png"
          width="30"
        />
        <div
          class="css-1ohec65"
        >
          Dimension: 
          unknown
        </div>
      </div>
      <div
        class="css-1xcqbzj"
      >
        <img
          height="30"
          src="assets/icons/calendar.png"
          width="30"
        />
         
        <div
          class="css-1ohec65"
        >
          Created at: 
          10/11/2017
        </div>
      </div>
    </div>
    <div
      class="cardLocation"
    >
      <div
        class="css-1xcqbzj"
      >
        <p>
          Name: 
          <b>
            Immortality Field Resort
          </b>
        </p>
      </div>
      <div
        class="css-1xcqbzj"
      >
        <img
          height="30"
          src="assets/icons/types.png"
          width="30"
        />
        <div
          class="css-1ohec65"
        >
          Type: 
          Resort
        </div>
      </div>
      <div
        class="css-1xcqbzj"
      >
        <img
          height="30"
          src="assets/icons/dimensions.png"
          width="30"
        />
        <div
          class="css-1ohec65"
        >
          Dimension: 
          unknown
        </div>
      </div>
      <div
        class="css-1xcqbzj"
      >
        <img
          height="30"
          src="assets/icons/calendar.png"
          width="30"
        />
         
        <div
          class="css-1ohec65"
        >
          Created at: 
          10/11/2017
        </div>
      </div>
    </div>
    <div
      class="cardLocation"
    >
      <div
        class="css-1xcqbzj"
      >
        <p>
          Name: 
          <b>
            Post-Apocalyptic Earth
          </b>
        </p>
      </div>
      <div
        class="css-1xcqbzj"
      >
        <img
          height="30"
          src="assets/icons/types.png"
          width="30"
        />
        <div
          class="css-1ohec65"
        >
          Type: 
          Planet
        </div>
      </div>
      <div
        class="css-1xcqbzj"
      >
        <img
          height="30"
          src="assets/icons/dimensions.png"
          width="30"
        />
        <div
          class="css-1ohec65"
        >
          Dimension: 
          Post-Apocalyptic Dimension
        </div>
      </div>
      <div
        class="css-1xcqbzj"
      >
        <img
          height="30"
          src="assets/icons/calendar.png"
          width="30"
        />
         
        <div
          class="css-1ohec65"
        >
          Created at: 
          10/11/2017
        </div>
      </div>
    </div>
    <div
      class="cardLocation"
    >
      <div
        class="css-1xcqbzj"
      >
        <p>
          Name: 
          <b>
            Purge Planet
          </b>
        </p>
      </div>
      <div
        class="css-1xcqbzj"
      >
        <img
          height="30"
          src="assets/icons/types.png"
          width="30"
        />
        <div
          class="css-1ohec65"
        >
          Type: 
          Planet
        </div>
      </div>
      <div
        class="css-1xcqbzj"
      >
        <img
          height="30"
          src="assets/icons/dimensions.png"
          width="30"
        />
        <div
          class="css-1ohec65"
        >
          Dimension: 
          Replacement Dimension
        </div>
      </div>
      <div
        class="css-1xcqbzj"
      >
        <img
          height="30"
          src="assets/icons/calendar.png"
          width="30"
        />
         
        <div
          class="css-1ohec65"
        >
          Created at: 
          10/11/2017
        </div>
      </div>
    </div>
    <div
      class="cardLocation"
    >
      <div
        class="css-1xcqbzj"
      >
        <p>
          Name: 
          <b>
            Venzenulon 7
          </b>
        </p>
      </div>
      <div
        class="css-1xcqbzj"
      >
        <img
          height="30"
          src="assets/icons/types.png"
          width="30"
        />
        <div
          class="css-1ohec65"
        >
          Type: 
          Planet
        </div>
      </div>
      <div
        class="css-1xcqbzj"
      >
        <img
          height="30"
          src="assets/icons/dimensions.png"
          width="30"
        />
        <div
          class="css-1ohec65"
        >
          Dimension: 
          unknown
        </div>
      </div>
      <div
        class="css-1xcqbzj"
      >
        <img
          height="30"
          src="assets/icons/calendar.png"
          width="30"
        />
         
        <div
          class="css-1ohec65"
        >
          Created at: 
          18/11/2017
        </div>
      </div>
    </div>
    <div
      class="cardLocation"
    >
      <div
        class="css-1xcqbzj"
      >
        <p>
          Name: 
          <b>
            Bepis 9
          </b>
        </p>
      </div>
      <div
        class="css-1xcqbzj"
      >
        <img
          height="30"
          src="assets/icons/types.png"
          width="30"
        />
        <div
          class="css-1ohec65"
        >
          Type: 
          Planet
        </div>
      </div>
      <div
        class="css-1xcqbzj"
      >
        <img
          height="30"
          src="assets/icons/dimensions.png"
          width="30"
        />
        <div
          class="css-1ohec65"
        >
          Dimension: 
          unknown
        </div>
      </div>
      <div
        class="css-1xcqbzj"
      >
        <img
          height="30"
          src="assets/icons/calendar.png"
          width="30"
        />
         
        <div
          class="css-1ohec65"
        >
          Created at: 
          18/11/2017
        </div>
      </div>
    </div>
    <div
      class="cardLocation"
    >
      <div
        class="css-1xcqbzj"
      >
        <p>
          Name: 
          <b>
            Cronenberg Earth
          </b>
        </p>
      </div>
      <div
        class="css-1xcqbzj"
      >
        <img
          height="30"
          src="assets/icons/types.png"
          width="30"
        />
        <div
          class="css-1ohec65"
        >
          Type: 
          Planet
        </div>
      </div>
      <div
        class="css-1xcqbzj"
      >
        <img
          height="30"
          src="assets/icons/dimensions.png"
          width="30"
        />
        <div
          class="css-1ohec65"
        >
          Dimension: 
          Cronenberg Dimension
        </div>
      </div>
      <div
        class="css-1xcqbzj"
      >
        <img
          height="30"
          src="assets/icons/calendar.png"
          width="30"
        />
         
        <div
          class="css-1ohec65"
        >
          Created at: 
          18/11/2017
        </div>
      </div>
    </div>
    <div
      class="cardLocation"
    >
      <div
        class="css-1xcqbzj"
      >
        <p>
          Name: 
          <b>
            Nuptia 4
          </b>
        </p>
      </div>
      <div
        class="css-1xcqbzj"
      >
        <img
          height="30"
          src="assets/icons/types.png"
          width="30"
        />
        <div
          class="css-1ohec65"
        >
          Type: 
          Planet
        </div>
      </div>
      <div
        class="css-1xcqbzj"
      >
        <img
          height="30"
          src="assets/icons/dimensions.png"
          width="30"
        />
        <div
          class="css-1ohec65"
        >
          Dimension: 
          unknown
        </div>
      </div>
      <div
        class="css-1xcqbzj"
      >
        <img
          height="30"
          src="assets/icons/calendar.png"
          width="30"
        />
         
        <div
          class="css-1ohec65"
        >
          Created at: 
          18/11/2017
        </div>
      </div>
    </div>
    <div
      class="cardLocation"
    >
      <div
        class="css-1xcqbzj"
      >
        <p>
          Name: 
          <b>
            Giant's Town
          </b>
        </p>
      </div>
      <div
        class="css-1xcqbzj"
      >
        <img
          height="30"
          src="assets/icons/types.png"
          width="30"
        />
        <div
          class="css-1ohec65"
        >
          Type: 
          Fantasy town
        </div>
      </div>
      <div
        class="css-1xcqbzj"
      >
        <img
          height="30"
          src="assets/icons/dimensions.png"
          width="30"
        />
        <div
          class="css-1ohec65"
        >
          Dimension: 
          Fantasy Dimension
        </div>
      </div>
      <div
        class="css-1xcqbzj"
      >
        <img
          height="30"
          src="assets/icons/calendar.png"
          width="30"
        />
         
        <div
          class="css-1ohec65"
        >
          Created at: 
          18/11/2017
        </div>
      </div>
    </div>
    <div
      class="cardLocation"
    >
      <div
        class="css-1xcqbzj"
      >
        <p>
          Name: 
          <b>
            Bird World
          </b>
        </p>
      </div>
      <div
        class="css-1xcqbzj"
      >
        <img
          height="30"
          src="assets/icons/types.png"
          width="30"
        />
        <div
          class="css-1ohec65"
        >
          Type: 
          Planet
        </div>
      </div>
      <div
        class="css-1xcqbzj"
      >
        <img
          height="30"
          src="assets/icons/dimensions.png"
          width="30"
        />
        <div
          class="css-1ohec65"
        >
          Dimension: 
          unknown
        </div>
      </div>
      <div
        class="css-1xcqbzj"
      >
        <img
          height="30"
          src="assets/icons/calendar.png"
          width="30"
        />
         
        <div
          class="css-1ohec65"
        >
          Created at: 
          18/11/2017
        </div>
      </div>
    </div>
    <div
      class="cardLocation"
    >
      <div
        class="css-1xcqbzj"
      >
        <p>
          Name: 
          <b>
            St. Gloopy Noops Hospital
          </b>
        </p>
      </div>
      <div
        class="css-1xcqbzj"
      >
        <img
          height="30"
          src="assets/icons/types.png"
          width="30"
        />
        <div
          class="css-1ohec65"
        >
          Type: 
          Space station
        </div>
      </div>
      <div
        class="css-1xcqbzj"
      >
        <img
          height="30"
          src="assets/icons/dimensions.png"
          width="30"
        />
        <div
          class="css-1ohec65"
        >
          Dimension: 
          unknown
        </div>
      </div>
      <div
        class="css-1xcqbzj"
      >
        <img
          height="30"
          src="assets/icons/calendar.png"
          width="30"
        />
         
        <div
          class="css-1ohec65"
        >
          Created at: 
          18/11/2017
        </div>
      </div>
    </div>
    <div
      class="cardLocation"
    >
      <div
        class="css-1xcqbzj"
      >
        <p>
          Name: 
          <b>
            Earth (5-126)
          </b>
        </p>
      </div>
      <div
        class="css-1xcqbzj"
      >
        <img
          height="30"
          src="assets/icons/types.png"
          width="30"
        />
        <div
          class="css-1ohec65"
        >
          Type: 
          Planet
        </div>
      </div>
      <div
        class="css-1xcqbzj"
      >
        <img
          height="30"
          src="assets/icons/dimensions.png"
          width="30"
        />
        <div
          class="css-1ohec65"
        >
          Dimension: 
          Dimension 5-126
        </div>
      </div>
      <div
        class="css-1xcqbzj"
      >
        <img
          height="30"
          src="assets/icons/calendar.png"
          width="30"
        />
         
        <div
          class="css-1ohec65"
        >
          Created at: 
          18/11/2017
        </div>
      </div>
    </div>
    <div
      class="cardLocation"
    >
      <div
        class="css-1xcqbzj"
      >
        <p>
          Name: 
          <b>
            Mr. Goldenfold's dream
          </b>
        </p>
      </div>
      <div
        class="css-1xcqbzj"
      >
        <img
          height="30"
          src="assets/icons/types.png"
          width="30"
        />
        <div
          class="css-1ohec65"
        >
          Type: 
          Dream
        </div>
      </div>
      <div
        class="css-1xcqbzj"
      >
        <img
          height="30"
          src="assets/icons/dimensions.png"
          width="30"
        />
        <div
          class="css-1ohec65"
        >
          Dimension: 
          Dimension C-137
        </div>
      </div>
      <div
        class="css-1xcqbzj"
      >
        <img
          height="30"
          src="assets/icons/calendar.png"
          width="30"
        />
         
        <div
          class="css-1ohec65"
        >
          Created at: 
          18/11/2017
        </div>
      </div>
    </div>
    <div
      class="cardLocation"
    >
      <div
        class="css-1xcqbzj"
      >
        <p>
          Name: 
          <b>
            Gromflom Prime
          </b>
        </p>
      </div>
      <div
        class="css-1xcqbzj"
      >
        <img
          height="30"
          src="assets/icons/types.png"
          width="30"
        />
        <div
          class="css-1ohec65"
        >
          Type: 
          Planet
        </div>
      </div>
      <div
        class="css-1xcqbzj"
      >
        <img
          height="30"
          src="assets/icons/dimensions.png"
          width="30"
        />
        <div
          class="css-1ohec65"
        >
          Dimension: 
          Replacement Dimension
        </div>
      </div>
      <div
        class="css-1xcqbzj"
      >
        <img
          height="30"
          src="assets/icons/calendar.png"
          width="30"
        />
         
        <div
          class="css-1ohec65"
        >
          Created at: 
          18/11/2017
        </div>
      </div>
    </div>
    <div
      class="cardLocation"
    >
      <div
        class="css-1xcqbzj"
      >
        <p>
          Name: 
          <b>
            Earth (Replacement Dimension)
          </b>
        </p>
      </div>
      <div
        class="css-1xcqbzj"
      >
        <img
          height="30"
          src="assets/icons/types.png"
          width="30"
        />
        <div
          class="css-1ohec65"
        >
          Type: 
          Planet
        </div>
      </div>
      <div
        class="css-1xcqbzj"
      >
        <img
          height="30"
          src="assets/icons/dimensions.png"
          width="30"
        />
        <div
          class="css-1ohec65"
        >
          Dimension: 
          Replacement Dimension
        </div>
      </div>
      <div
        class="css-1xcqbzj"
      >
        <img
          height="30"
          src="assets/icons/calendar.png"
          width="30"
        />
         
        <div
          class="css-1ohec65"
        >
          Created at: 
          18/11/2017
        </div>
      </div>
    </div>
  </div>
</div>
`;

exports[`Tests for <Locations /> should render locations correctly 1`] = `
<div>
  <div
    class="MuiGrid-root MuiGrid-container css-1nimqk6-MuiGrid-root"
  >
    <div
      class="MuiGrid-root MuiGrid-item css-13i4rnv-MuiGrid-root"
    >
      <h4
        class="MuiTypography-root MuiTypography-h4 css-5lbw0b-MuiTypography-root"
      >
        Locations
      </h4>
    </div>
  </div>
  <div
    class="MuiGrid-root MuiGrid-container css-1ehu80w-MuiGrid-root"
  >
    <div
      class="MuiGrid-root MuiGrid-item MuiGrid-grid-xs-6 css-1osj8n2-MuiGrid-root"
    >
      <div
        aria-label="search-input"
        class="MuiFormControl-root MuiFormControl-fullWidth MuiTextField-root searchInput css-wb57ya-MuiFormControl-root-MuiTextField-root"
      >
        <label
          class="MuiFormLabel-root MuiInputLabel-root MuiInputLabel-formControl MuiInputLabel-animated MuiInputLabel-sizeSmall MuiInputLabel-outlined MuiFormLabel-colorPrimary MuiInputLabel-root MuiInputLabel-formControl MuiInputLabel-animated MuiInputLabel-sizeSmall MuiInputLabel-outlined css-1pysi21-MuiFormLabel-root-MuiInputLabel-root"
          data-shrink="false"
          for="outlined-basic"
          id="outlined-basic-label"
        >
          Search Location
        </label>
        <div
          class="MuiInputBase-root MuiOutlinedInput-root MuiInputBase-colorPrimary MuiInputBase-fullWidth MuiInputBase-formControl MuiInputBase-sizeSmall css-md26zr-MuiInputBase-root-MuiOutlinedInput-root"
        >
          <input
            aria-invalid="false"
            class="MuiInputBase-input MuiOutlinedInput-input MuiInputBase-inputSizeSmall css-1n4twyu-MuiInputBase-input-MuiOutlinedInput-input"
            data-testid="search-input"
            id="outlined-basic"
            type="text"
            value=""
          />
          <fieldset
            aria-hidden="true"
            class="MuiOutlinedInput-notchedOutline css-1d3z3hw-MuiOutlinedInput-notchedOutline"
          >
            <legend
              class="css-yjsfm1"
            >
              <span>
                Search Location
              </span>
            </legend>
          </fieldset>
        </div>
      </div>
    </div>
    <div
      class="MuiGrid-root MuiGrid-item css-13i4rnv-MuiGrid-root"
    >
      <button
        aria-label="search-button"
        class="MuiButtonBase-root MuiButton-root MuiButton-contained MuiButton-containedPrimary MuiButton-sizeMedium MuiButton-containedSizeMedium MuiButton-root MuiButton-contained MuiButton-containedPrimary MuiButton-sizeMedium MuiButton-containedSizeMedium css-sghohy-MuiButtonBase-root-MuiButton-root"
        tabindex="0"
        type="button"
      >
        Search
        <span
          class="MuiTouchRipple-root css-8je8zh-MuiTouchRipple-root"
        />
      </button>
    </div>
  </div>
  <div
    class="MuiGrid-root MuiGrid-container css-1p384wy-MuiGrid-root"
  >
    <div
      class="cardLocation"
    >
      <div
        class="css-1xcqbzj"
      >
        <p>
          Name: 
          <b>
            Earth (C-137)
          </b>
        </p>
      </div>
      <div
        class="css-1xcqbzj"
      >
        <img
          height="30"
          src="assets/icons/types.png"
          width="30"
        />
        <div
          class="css-1ohec65"
        >
          Type: 
          Planet
        </div>
      </div>
      <div
        class="css-1xcqbzj"
      >
        <img
          height="30"
          src="assets/icons/dimensions.png"
          width="30"
        />
        <div
          class="css-1ohec65"
        >
          Dimension: 
          Dimension C-137
        </div>
      </div>
      <div
        class="css-1xcqbzj"
      >
        <img
          height="30"
          src="assets/icons/calendar.png"
          width="30"
        />
         
        <div
          class="css-1ohec65"
        >
          Created at: 
          10/11/2017
        </div>
      </div>
    </div>
    <div
      class="cardLocation"
    >
      <div
        class="css-1xcqbzj"
      >
        <p>
          Name: 
          <b>
            Abadango
          </b>
        </p>
      </div>
      <div
        class="css-1xcqbzj"
      >
        <img
          height="30"
          src="assets/icons/types.png"
          width="30"
        />
        <div
          class="css-1ohec65"
        >
          Type: 
          Cluster
        </div>
      </div>
      <div
        class="css-1xcqbzj"
      >
        <img
          height="30"
          src="assets/icons/dimensions.png"
          width="30"
        />
        <div
          class="css-1ohec65"
        >
          Dimension: 
          unknown
        </div>
      </div>
      <div
        class="css-1xcqbzj"
      >
        <img
          height="30"
          src="assets/icons/calendar.png"
          width="30"
        />
         
        <div
          class="css-1ohec65"
        >
          Created at: 
          10/11/2017
        </div>
      </div>
    </div>
    <div
      class="cardLocation"
    >
      <div
        class="css-1xcqbzj"
      >
        <p>
          Name: 
          <b>
            Citadel of Ricks
          </b>
        </p>
      </div>
      <div
        class="css-1xcqbzj"
      >
        <img
          height="30"
          src="assets/icons/types.png"
          width="30"
        />
        <div
          class="css-1ohec65"
        >
          Type: 
          Space station
        </div>
      </div>
      <div
        class="css-1xcqbzj"
      >
        <img
          height="30"
          src="assets/icons/dimensions.png"
          width="30"
        />
        <div
          class="css-1ohec65"
        >
          Dimension: 
          unknown
        </div>
      </div>
      <div
        class="css-1xcqbzj"
      >
        <img
          height="30"
          src="assets/icons/calendar.png"
          width="30"
        />
         
        <div
          class="css-1ohec65"
        >
          Created at: 
          10/11/2017
        </div>
      </div>
    </div>
    <div
      class="cardLocation"
    >
      <div
        class="css-1xcqbzj"
      >
        <p>
          Name: 
          <b>
            Worldender's lair
          </b>
        </p>
      </div>
      <div
        class="css-1xcqbzj"
      >
        <img
          height="30"
          src="assets/icons/types.png"
          width="30"
        />
        <div
          class="css-1ohec65"
        >
          Type: 
          Planet
        </div>
      </div>
      <div
        class="css-1xcqbzj"
      >
        <img
          height="30"
          src="assets/icons/dimensions.png"
          width="30"
        />
        <div
          class="css-1ohec65"
        >
          Dimension: 
          unknown
        </div>
      </div>
      <div
        class="css-1xcqbzj"
      >
        <img
          height="30"
          src="assets/icons/calendar.png"
          width="30"
        />
         
        <div
          class="css-1ohec65"
        >
          Created at: 
          10/11/2017
        </div>
      </div>
    </div>
    <div
      class="cardLocation"
    >
      <div
        class="css-1xcqbzj"
      >
        <p>
          Name: 
          <b>
            Anatomy Park
          </b>
        </p>
      </div>
      <div
        class="css-1xcqbzj"
      >
        <img
          height="30"
          src="assets/icons/types.png"
          width="30"
        />
        <div
          class="css-1ohec65"
        >
          Type: 
          Microverse
        </div>
      </div>
      <div
        class="css-1xcqbzj"
      >
        <img
          height="30"
          src="assets/icons/dimensions.png"
          width="30"
        />
        <div
          class="css-1ohec65"
        >
          Dimension: 
          Dimension C-137
        </div>
      </div>
      <div
        class="css-1xcqbzj"
      >
        <img
          height="30"
          src="assets/icons/calendar.png"
          width="30"
        />
         
        <div
          class="css-1ohec65"
        >
          Created at: 
          10/11/2017
        </div>
      </div>
    </div>
    <div
      class="cardLocation"
    >
      <div
        class="css-1xcqbzj"
      >
        <p>
          Name: 
          <b>
            Interdimensional Cable
          </b>
        </p>
      </div>
      <div
        class="css-1xcqbzj"
      >
        <img
          height="30"
          src="assets/icons/types.png"
          width="30"
        />
        <div
          class="css-1ohec65"
        >
          Type: 
          TV
        </div>
      </div>
      <div
        class="css-1xcqbzj"
      >
        <img
          height="30"
          src="assets/icons/dimensions.png"
          width="30"
        />
        <div
          class="css-1ohec65"
        >
          Dimension: 
          unknown
        </div>
      </div>
      <div
        class="css-1xcqbzj"
      >
        <img
          height="30"
          src="assets/icons/calendar.png"
          width="30"
        />
         
        <div
          class="css-1ohec65"
        >
          Created at: 
          10/11/2017
        </div>
      </div>
    </div>
    <div
      class="cardLocation"
    >
      <div
        class="css-1xcqbzj"
      >
        <p>
          Name: 
          <b>
            Immortality Field Resort
          </b>
        </p>
      </div>
      <div
        class="css-1xcqbzj"
      >
        <img
          height="30"
          src="assets/icons/types.png"
          width="30"
        />
        <div
          class="css-1ohec65"
        >
          Type: 
          Resort
        </div>
      </div>
      <div
        class="css-1xcqbzj"
      >
        <img
          height="30"
          src="assets/icons/dimensions.png"
          width="30"
        />
        <div
          class="css-1ohec65"
        >
          Dimension: 
          unknown
        </div>
      </div>
      <div
        class="css-1xcqbzj"
      >
        <img
          height="30"
          src="assets/icons/calendar.png"
          width="30"
        />
         
        <div
          class="css-1ohec65"
        >
          Created at: 
          10/11/2017
        </div>
      </div>
    </div>
    <div
      class="cardLocation"
    >
      <div
        class="css-1xcqbzj"
      >
        <p>
          Name: 
          <b>
            Post-Apocalyptic Earth
          </b>
        </p>
      </div>
      <div
        class="css-1xcqbzj"
      >
        <img
          height="30"
          src="assets/icons/types.png"
          width="30"
        />
        <div
          class="css-1ohec65"
        >
          Type: 
          Planet
        </div>
      </div>
      <div
        class="css-1xcqbzj"
      >
        <img
          height="30"
          src="assets/icons/dimensions.png"
          width="30"
        />
        <div
          class="css-1ohec65"
        >
          Dimension: 
          Post-Apocalyptic Dimension
        </div>
      </div>
      <div
        class="css-1xcqbzj"
      >
        <img
          height="30"
          src="assets/icons/calendar.png"
          width="30"
        />
         
        <div
          class="css-1ohec65"
        >
          Created at: 
          10/11/2017
        </div>
      </div>
    </div>
    <div
      class="cardLocation"
    >
      <div
        class="css-1xcqbzj"
      >
        <p>
          Name: 
          <b>
            Purge Planet
          </b>
        </p>
      </div>
      <div
        class="css-1xcqbzj"
      >
        <img
          height="30"
          src="assets/icons/types.png"
          width="30"
        />
        <div
          class="css-1ohec65"
        >
          Type: 
          Planet
        </div>
      </div>
      <div
        class="css-1xcqbzj"
      >
        <img
          height="30"
          src="assets/icons/dimensions.png"
          width="30"
        />
        <div
          class="css-1ohec65"
        >
          Dimension: 
          Replacement Dimension
        </div>
      </div>
      <div
        class="css-1xcqbzj"
      >
        <img
          height="30"
          src="assets/icons/calendar.png"
          width="30"
        />
         
        <div
          class="css-1ohec65"
        >
          Created at: 
          10/11/2017
        </div>
      </div>
    </div>
    <div
      class="cardLocation"
    >
      <div
        class="css-1xcqbzj"
      >
        <p>
          Name: 
          <b>
            Venzenulon 7
          </b>
        </p>
      </div>
      <div
        class="css-1xcqbzj"
      >
        <img
          height="30"
          src="assets/icons/types.png"
          width="30"
        />
        <div
          class="css-1ohec65"
        >
          Type: 
          Planet
        </div>
      </div>
      <div
        class="css-1xcqbzj"
      >
        <img
          height="30"
          src="assets/icons/dimensions.png"
          width="30"
        />
        <div
          class="css-1ohec65"
        >
          Dimension: 
          unknown
        </div>
      </div>
      <div
        class="css-1xcqbzj"
      >
        <img
          height="30"
          src="assets/icons/calendar.png"
          width="30"
        />
         
        <div
          class="css-1ohec65"
        >
          Created at: 
          18/11/2017
        </div>
      </div>
    </div>
    <div
      class="cardLocation"
    >
      <div
        class="css-1xcqbzj"
      >
        <p>
          Name: 
          <b>
            Bepis 9
          </b>
        </p>
      </div>
      <div
        class="css-1xcqbzj"
      >
        <img
          height="30"
          src="assets/icons/types.png"
          width="30"
        />
        <div
          class="css-1ohec65"
        >
          Type: 
          Planet
        </div>
      </div>
      <div
        class="css-1xcqbzj"
      >
        <img
          height="30"
          src="assets/icons/dimensions.png"
          width="30"
        />
        <div
          class="css-1ohec65"
        >
          Dimension: 
          unknown
        </div>
      </div>
      <div
        class="css-1xcqbzj"
      >
        <img
          height="30"
          src="assets/icons/calendar.png"
          width="30"
        />
         
        <div
          class="css-1ohec65"
        >
          Created at: 
          18/11/2017
        </div>
      </div>
    </div>
    <div
      class="cardLocation"
    >
      <div
        class="css-1xcqbzj"
      >
        <p>
          Name: 
          <b>
            Cronenberg Earth
          </b>
        </p>
      </div>
      <div
        class="css-1xcqbzj"
      >
        <img
          height="30"
          src="assets/icons/types.png"
          width="30"
        />
        <div
          class="css-1ohec65"
        >
          Type: 
          Planet
        </div>
      </div>
      <div
        class="css-1xcqbzj"
      >
        <img
          height="30"
          src="assets/icons/dimensions.png"
          width="30"
        />
        <div
          class="css-1ohec65"
        >
          Dimension: 
          Cronenberg Dimension
        </div>
      </div>
      <div
        class="css-1xcqbzj"
      >
        <img
          height="30"
          src="assets/icons/calendar.png"
          width="30"
        />
         
        <div
          class="css-1ohec65"
        >
          Created at: 
          18/11/2017
        </div>
      </div>
    </div>
    <div
      class="cardLocation"
    >
      <div
        class="css-1xcqbzj"
      >
        <p>
          Name: 
          <b>
            Nuptia 4
          </b>
        </p>
      </div>
      <div
        class="css-1xcqbzj"
      >
        <img
          height="30"
          src="assets/icons/types.png"
          width="30"
        />
        <div
          class="css-1ohec65"
        >
          Type: 
          Planet
        </div>
      </div>
      <div
        class="css-1xcqbzj"
      >
        <img
          height="30"
          src="assets/icons/dimensions.png"
          width="30"
        />
        <div
          class="css-1ohec65"
        >
          Dimension: 
          unknown
        </div>
      </div>
      <div
        class="css-1xcqbzj"
      >
        <img
          height="30"
          src="assets/icons/calendar.png"
          width="30"
        />
         
        <div
          class="css-1ohec65"
        >
          Created at: 
          18/11/2017
        </div>
      </div>
    </div>
    <div
      class="cardLocation"
    >
      <div
        class="css-1xcqbzj"
      >
        <p>
          Name: 
          <b>
            Giant's Town
          </b>
        </p>
      </div>
      <div
        class="css-1xcqbzj"
      >
        <img
          height="30"
          src="assets/icons/types.png"
          width="30"
        />
        <div
          class="css-1ohec65"
        >
          Type: 
          Fantasy town
        </div>
      </div>
      <div
        class="css-1xcqbzj"
      >
        <img
          height="30"
          src="assets/icons/dimensions.png"
          width="30"
        />
        <div
          class="css-1ohec65"
        >
          Dimension: 
          Fantasy Dimension
        </div>
      </div>
      <div
        class="css-1xcqbzj"
      >
        <img
          height="30"
          src="assets/icons/calendar.png"
          width="30"
        />
         
        <div
          class="css-1ohec65"
        >
          Created at: 
          18/11/2017
        </div>
      </div>
    </div>
    <div
      class="cardLocation"
    >
      <div
        class="css-1xcqbzj"
      >
        <p>
          Name: 
          <b>
            Bird World
          </b>
        </p>
      </div>
      <div
        class="css-1xcqbzj"
      >
        <img
          height="30"
          src="assets/icons/types.png"
          width="30"
        />
        <div
          class="css-1ohec65"
        >
          Type: 
          Planet
        </div>
      </div>
      <div
        class="css-1xcqbzj"
      >
        <img
          height="30"
          src="assets/icons/dimensions.png"
          width="30"
        />
        <div
          class="css-1ohec65"
        >
          Dimension: 
          unknown
        </div>
      </div>
      <div
        class="css-1xcqbzj"
      >
        <img
          height="30"
          src="assets/icons/calendar.png"
          width="30"
        />
         
        <div
          class="css-1ohec65"
        >
          Created at: 
          18/11/2017
        </div>
      </div>
    </div>
    <div
      class="cardLocation"
    >
      <div
        class="css-1xcqbzj"
      >
        <p>
          Name: 
          <b>
            St. Gloopy Noops Hospital
          </b>
        </p>
      </div>
      <div
        class="css-1xcqbzj"
      >
        <img
          height="30"
          src="assets/icons/types.png"
          width="30"
        />
        <div
          class="css-1ohec65"
        >
          Type: 
          Space station
        </div>
      </div>
      <div
        class="css-1xcqbzj"
      >
        <img
          height="30"
          src="assets/icons/dimensions.png"
          width="30"
        />
        <div
          class="css-1ohec65"
        >
          Dimension: 
          unknown
        </div>
      </div>
      <div
        class="css-1xcqbzj"
      >
        <img
          height="30"
          src="assets/icons/calendar.png"
          width="30"
        />
         
        <div
          class="css-1ohec65"
        >
          Created at: 
          18/11/2017
        </div>
      </div>
    </div>
    <div
      class="cardLocation"
    >
      <div
        class="css-1xcqbzj"
      >
        <p>
          Name: 
          <b>
            Earth (5-126)
          </b>
        </p>
      </div>
      <div
        class="css-1xcqbzj"
      >
        <img
          height="30"
          src="assets/icons/types.png"
          width="30"
        />
        <div
          class="css-1ohec65"
        >
          Type: 
          Planet
        </div>
      </div>
      <div
        class="css-1xcqbzj"
      >
        <img
          height="30"
          src="assets/icons/dimensions.png"
          width="30"
        />
        <div
          class="css-1ohec65"
        >
          Dimension: 
          Dimension 5-126
        </div>
      </div>
      <div
        class="css-1xcqbzj"
      >
        <img
          height="30"
          src="assets/icons/calendar.png"
          width="30"
        />
         
        <div
          class="css-1ohec65"
        >
          Created at: 
          18/11/2017
        </div>
      </div>
    </div>
    <div
      class="cardLocation"
    >
      <div
        class="css-1xcqbzj"
      >
        <p>
          Name: 
          <b>
            Mr. Goldenfold's dream
          </b>
        </p>
      </div>
      <div
        class="css-1xcqbzj"
      >
        <img
          height="30"
          src="assets/icons/types.png"
          width="30"
        />
        <div
          class="css-1ohec65"
        >
          Type: 
          Dream
        </div>
      </div>
      <div
        class="css-1xcqbzj"
      >
        <img
          height="30"
          src="assets/icons/dimensions.png"
          width="30"
        />
        <div
          class="css-1ohec65"
        >
          Dimension: 
          Dimension C-137
        </div>
      </div>
      <div
        class="css-1xcqbzj"
      >
        <img
          height="30"
          src="assets/icons/calendar.png"
          width="30"
        />
         
        <div
          class="css-1ohec65"
        >
          Created at: 
          18/11/2017
        </div>
      </div>
    </div>
    <div
      class="cardLocation"
    >
      <div
        class="css-1xcqbzj"
      >
        <p>
          Name: 
          <b>
            Gromflom Prime
          </b>
        </p>
      </div>
      <div
        class="css-1xcqbzj"
      >
        <img
          height="30"
          src="assets/icons/types.png"
          width="30"
        />
        <div
          class="css-1ohec65"
        >
          Type: 
          Planet
        </div>
      </div>
      <div
        class="css-1xcqbzj"
      >
        <img
          height="30"
          src="assets/icons/dimensions.png"
          width="30"
        />
        <div
          class="css-1ohec65"
        >
          Dimension: 
          Replacement Dimension
        </div>
      </div>
      <div
        class="css-1xcqbzj"
      >
        <img
          height="30"
          src="assets/icons/calendar.png"
          width="30"
        />
         
        <div
          class="css-1ohec65"
        >
          Created at: 
          18/11/2017
        </div>
      </div>
    </div>
    <div
      class="cardLocation"
    >
      <div
        class="css-1xcqbzj"
      >
        <p>
          Name: 
          <b>
            Earth (Replacement Dimension)
          </b>
        </p>
      </div>
      <div
        class="css-1xcqbzj"
      >
        <img
          height="30"
          src="assets/icons/types.png"
          width="30"
        />
        <div
          class="css-1ohec65"
        >
          Type: 
          Planet
        </div>
      </div>
      <div
        class="css-1xcqbzj"
      >
        <img
          height="30"
          src="assets/icons/dimensions.png"
          width="30"
        />
        <div
          class="css-1ohec65"
        >
          Dimension: 
          Replacement Dimension
        </div>
      </div>
      <div
        class="css-1xcqbzj"
      >
        <img
          height="30"
          src="assets/icons/calendar.png"
          width="30"
        />
         
        <div
          class="css-1ohec65"
        >
          Created at: 
          18/11/2017
        </div>
      </div>
    </div>
  </div>
</div>
`;
